// Jest Snapshot v1, https://goo.gl/fbAQLP

exports[`thumbor Generates urls 1`] = `"https://thumbor/unsafe/example.png"`;

exports[`thumbor Removes duplicates 1`] = `"https://thumbor/unsafe/filters:grayscale()/example.png"`;

exports[`thumbor Works with crop 1`] = `"https://thumbor/unsafe/10x10:30x30/example.png"`;

exports[`thumbor Works with filter 1`] = `"https://thumbor/unsafe/filters:quality(80)/example.png"`;

exports[`thumbor Works with many filters 1`] = `"https://thumbor/unsafe/filters:quality(80):autoJpg():format(webp)/example.png"`;

exports[`thumbor Works with resize 1`] = `"https://thumbor/unsafe/30x30/example.png"`;

exports[`thumbor Works with security keys 1`] = `"https://thumbor/_SZEbq_kF9aU4FZ3t3LNoPFYQwg=/30x30/example.png"`;
